
Sweep: 1 sizes x 2 budgets x 3 seeds x 2 datasets = 12 experiments
Already completed: 24

--- Experiment 1/-12: d=128 budget=50,000 seed=0 dataset=synthetic ---
    [Transformer match] d=56 L=2 h=8 params=106,456 target=104,642 ratio=1.017

  [d=128, seed=0, dataset=synthetic, budget=50,000] CRF params=104,642 TR params=106,456
  [CRF-d128-syn-s0] tok=   5,120 val_loss=3.6762 val_acc=0.2716 t=2.3s
  [CRF-d128-syn-s0] tok=  10,240 val_loss=2.9090 val_acc=0.3934 t=4.5s
  [CRF-d128-syn-s0] tok=  15,104 val_loss=2.5080 val_acc=0.4163 t=7.5s
  [CRF-d128-syn-s0] tok=  20,224 val_loss=2.2721 val_acc=0.4283 t=10.1s
  [CRF-d128-syn-s0] tok=  25,088 val_loss=2.1348 val_acc=0.4333 t=12.8s
  [CRF-d128-syn-s0] tok=  30,208 val_loss=2.0537 val_acc=0.4330 t=15.2s
  [CRF-d128-syn-s0] tok=  35,072 val_loss=2.0031 val_acc=0.4384 t=17.4s
  [CRF-d128-syn-s0] tok=  40,192 val_loss=1.9685 val_acc=0.4415 t=20.3s
  [CRF-d128-syn-s0] tok=  45,056 val_loss=1.9510 val_acc=0.4420 t=23.5s
  [CRF-d128-syn-s0] tok=  50,176 val_loss=1.9384 val_acc=0.4400 t=26.4s
  [CRF-d128-syn-s0] FINAL tok=  50,176 val_loss=1.9384 val_acc=0.4401 t=28.9s
  [TR-d128-syn-s0] tok=   5,120 val_loss=4.4116 val_acc=0.0626 t=1.0s
  [TR-d128-syn-s0] tok=  10,240 val_loss=4.0105 val_acc=0.1442 t=1.9s
  [TR-d128-syn-s0] tok=  15,104 val_loss=3.7089 val_acc=0.1502 t=3.1s
  [TR-d128-syn-s0] tok=  20,224 val_loss=3.4988 val_acc=0.1760 t=4.2s
  [TR-d128-syn-s0] tok=  25,088 val_loss=3.3685 val_acc=0.2190 t=5.2s
  [TR-d128-syn-s0] tok=  30,208 val_loss=3.2812 val_acc=0.2190 t=6.1s
  [TR-d128-syn-s0] tok=  35,072 val_loss=3.2313 val_acc=0.2190 t=7.1s
  [TR-d128-syn-s0] tok=  40,192 val_loss=3.2012 val_acc=0.2190 t=7.9s
  [TR-d128-syn-s0] tok=  45,056 val_loss=3.1845 val_acc=0.2190 t=9.0s
  [TR-d128-syn-s0] tok=  50,176 val_loss=3.1734 val_acc=0.2190 t=10.1s
  [TR-d128-syn-s0] FINAL tok=  50,176 val_loss=3.1734 val_acc=0.2190 t=12.7s
  [saved] d=128 budget=50,000 seed=0 dataset=synthetic

--- Experiment 2/-13: d=128 budget=100,000 seed=0 dataset=synthetic ---
    [Transformer match] d=56 L=2 h=8 params=106,456 target=104,642 ratio=1.017

  [d=128, seed=0, dataset=synthetic, budget=100,000] CRF params=104,642 TR params=106,456
  [CRF-d128-syn-s0] tok=  10,240 val_loss=3.2027 val_acc=0.3677 t=171.8s
  [CRF-d128-syn-s0] tok=  20,224 val_loss=2.3319 val_acc=0.4261 t=175.2s
  [CRF-d128-syn-s0] tok=  30,208 val_loss=2.0195 val_acc=0.4345 t=179.3s
  [CRF-d128-syn-s0] tok=  40,192 val_loss=1.8713 val_acc=0.4491 t=183.0s
  [CRF-d128-syn-s0] tok=  50,176 val_loss=1.7939 val_acc=0.4511 t=187.5s
  [CRF-d128-syn-s0] tok=  60,160 val_loss=1.7483 val_acc=0.4605 t=190.7s
  [CRF-d128-syn-s0] tok=  70,144 val_loss=1.7070 val_acc=0.4674 t=194.3s
  [CRF-d128-syn-s0] tok=  80,128 val_loss=1.6849 val_acc=0.4736 t=197.9s
  [CRF-d128-syn-s0] tok=  90,112 val_loss=1.6755 val_acc=0.4694 t=235.4s
  [CRF-d128-syn-s0] tok= 100,096 val_loss=1.6675 val_acc=0.4768 t=238.8s
  [CRF-d128-syn-s0] FINAL tok= 100,096 val_loss=1.6673 val_acc=0.4770 t=241.4s
  [TR-d128-syn-s0] tok=  10,240 val_loss=4.1991 val_acc=0.1007 t=1.5s
  [TR-d128-syn-s0] tok=  20,224 val_loss=3.5618 val_acc=0.1523 t=3.1s
  [TR-d128-syn-s0] tok=  30,208 val_loss=3.2409 val_acc=0.2190 t=4.6s
  [TR-d128-syn-s0] tok=  40,192 val_loss=3.0988 val_acc=0.2190 t=6.1s
  [TR-d128-syn-s0] tok=  50,176 val_loss=3.0441 val_acc=0.2190 t=7.6s
  [TR-d128-syn-s0] tok=  60,160 val_loss=3.0170 val_acc=0.2190 t=9.1s
  [TR-d128-syn-s0] tok=  70,144 val_loss=2.9858 val_acc=0.2190 t=11.6s
  [TR-d128-syn-s0] tok=  80,128 val_loss=2.9512 val_acc=0.2356 t=13.5s
  [TR-d128-syn-s0] tok=  90,112 val_loss=2.9236 val_acc=0.2592 t=14.9s
  [TR-d128-syn-s0] tok= 100,096 val_loss=2.9018 val_acc=0.2722 t=17.3s
  [TR-d128-syn-s0] FINAL tok= 100,096 val_loss=2.9018 val_acc=0.2722 t=18.1s
  [saved] d=128 budget=100,000 seed=0 dataset=synthetic

--- Experiment 3/-14: d=128 budget=50,000 seed=1 dataset=synthetic ---
    [Transformer match] d=56 L=2 h=8 params=106,456 target=104,642 ratio=1.017

  [d=128, seed=1, dataset=synthetic, budget=50,000] CRF params=104,642 TR params=106,456
  [CRF-d128-syn-s1] tok=   5,120 val_loss=3.5768 val_acc=0.2738 t=4.3s
  [CRF-d128-syn-s1] tok=  10,240 val_loss=2.8398 val_acc=0.3886 t=8.0s
  [CRF-d128-syn-s1] tok=  15,104 val_loss=2.4592 val_acc=0.4292 t=12.1s
  [CRF-d128-syn-s1] tok=  20,224 val_loss=2.2343 val_acc=0.4305 t=15.5s
  [CRF-d128-syn-s1] tok=  25,088 val_loss=2.1156 val_acc=0.4338 t=19.1s
  [CRF-d128-syn-s1] tok=  30,208 val_loss=2.0358 val_acc=0.4372 t=21.7s
  [CRF-d128-syn-s1] tok=  35,072 val_loss=1.9874 val_acc=0.4391 t=24.6s
  [CRF-d128-syn-s1] tok=  40,192 val_loss=1.9609 val_acc=0.4359 t=28.0s
  [CRF-d128-syn-s1] tok=  45,056 val_loss=1.9414 val_acc=0.4419 t=31.7s
  [CRF-d128-syn-s1] tok=  50,176 val_loss=1.9271 val_acc=0.4417 t=35.2s
  [CRF-d128-syn-s1] FINAL tok=  50,176 val_loss=1.9272 val_acc=0.4416 t=38.4s
  [TR-d128-syn-s1] tok=   5,120 val_loss=4.3933 val_acc=0.0552 t=0.8s
  [TR-d128-syn-s1] tok=  10,240 val_loss=3.9967 val_acc=0.2100 t=2.0s
  [TR-d128-syn-s1] tok=  15,104 val_loss=3.7011 val_acc=0.2190 t=2.8s
  [TR-d128-syn-s1] tok=  20,224 val_loss=3.4926 val_acc=0.2190 t=3.6s
  [TR-d128-syn-s1] tok=  25,088 val_loss=3.3626 val_acc=0.2190 t=4.5s
  [TR-d128-syn-s1] tok=  30,208 val_loss=3.2768 val_acc=0.2190 t=5.3s
  [TR-d128-syn-s1] tok=  35,072 val_loss=3.2282 val_acc=0.2190 t=6.2s
  [TR-d128-syn-s1] tok=  40,192 val_loss=3.1979 val_acc=0.2190 t=7.1s
  [TR-d128-syn-s1] tok=  45,056 val_loss=3.1815 val_acc=0.2190 t=7.9s
  [TR-d128-syn-s1] tok=  50,176 val_loss=3.1706 val_acc=0.2190 t=8.6s
  [TR-d128-syn-s1] FINAL tok=  50,176 val_loss=3.1706 val_acc=0.2190 t=9.2s
  [saved] d=128 budget=50,000 seed=1 dataset=synthetic

--- Experiment 4/-15: d=128 budget=100,000 seed=1 dataset=synthetic ---
    [Transformer match] d=56 L=2 h=8 params=106,456 target=104,642 ratio=1.017

  [d=128, seed=1, dataset=synthetic, budget=100,000] CRF params=104,642 TR params=106,456
  [CRF-d128-syn-s1] tok=  10,240 val_loss=3.1187 val_acc=0.3648 t=3.1s
  [CRF-d128-syn-s1] tok=  20,224 val_loss=2.2868 val_acc=0.4295 t=5.9s
  [CRF-d128-syn-s1] tok=  30,208 val_loss=2.0085 val_acc=0.4334 t=8.8s
  [CRF-d128-syn-s1] tok=  40,192 val_loss=1.8794 val_acc=0.4418 t=11.8s
  [CRF-d128-syn-s1] tok=  50,176 val_loss=1.7863 val_acc=0.4504 t=15.0s
  [CRF-d128-syn-s1] tok=  60,160 val_loss=1.7331 val_acc=0.4659 t=18.2s
  [CRF-d128-syn-s1] tok=  70,144 val_loss=1.7008 val_acc=0.4718 t=22.6s
  [CRF-d128-syn-s1] tok=  80,128 val_loss=1.6776 val_acc=0.4730 t=27.2s
  [CRF-d128-syn-s1] tok=  90,112 val_loss=1.6627 val_acc=0.4788 t=31.0s
  [CRF-d128-syn-s1] tok= 100,096 val_loss=1.6534 val_acc=0.4843 t=34.0s
  [CRF-d128-syn-s1] FINAL tok= 100,096 val_loss=1.6535 val_acc=0.4840 t=36.0s
  [TR-d128-syn-s1] tok=  10,240 val_loss=4.1813 val_acc=0.1422 t=1.3s
  [TR-d128-syn-s1] tok=  20,224 val_loss=3.5555 val_acc=0.2190 t=2.7s
  [TR-d128-syn-s1] tok=  30,208 val_loss=3.2342 val_acc=0.2190 t=4.1s
  [TR-d128-syn-s1] tok=  40,192 val_loss=3.0951 val_acc=0.2190 t=5.5s
  [TR-d128-syn-s1] tok=  50,176 val_loss=3.0442 val_acc=0.2190 t=6.6s
  [TR-d128-syn-s1] tok=  60,160 val_loss=3.0172 val_acc=0.2190 t=7.9s
  [TR-d128-syn-s1] tok=  70,144 val_loss=2.9878 val_acc=0.2190 t=9.1s
  [TR-d128-syn-s1] tok=  80,128 val_loss=2.9544 val_acc=0.2252 t=10.5s
  [TR-d128-syn-s1] tok=  90,112 val_loss=2.9261 val_acc=0.2362 t=11.6s
  [TR-d128-syn-s1] tok= 100,096 val_loss=2.9045 val_acc=0.2506 t=12.8s
  [TR-d128-syn-s1] FINAL tok= 100,096 val_loss=2.9045 val_acc=0.2506 t=13.6s
  [saved] d=128 budget=100,000 seed=1 dataset=synthetic

--- Experiment 5/-16: d=128 budget=50,000 seed=2 dataset=synthetic ---
    [Transformer match] d=56 L=2 h=8 params=106,456 target=104,642 ratio=1.017

  [d=128, seed=2, dataset=synthetic, budget=50,000] CRF params=104,642 TR params=106,456
  [CRF-d128-syn-s2] tok=   5,120 val_loss=3.6023 val_acc=0.2962 t=2.8s
  [CRF-d128-syn-s2] tok=  10,240 val_loss=2.8332 val_acc=0.3837 t=5.1s
  [CRF-d128-syn-s2] tok=  15,104 val_loss=2.4551 val_acc=0.4163 t=7.9s
  [CRF-d128-syn-s2] tok=  20,224 val_loss=2.2308 val_acc=0.4324 t=10.6s
  [CRF-d128-syn-s2] tok=  25,088 val_loss=2.1096 val_acc=0.4344 t=13.3s
